// Jest Snapshot v1, https://goo.gl/fbAQLP

exports[`Node Component matches snapshot 1`] = `
<ContextMenu
  data={
    Object {
      "belief": null,
      "contextItems": Array [],
      "description": null,
      "id": "id",
      "isSelected": false,
      "onMouseDown": [MockFunction],
      "onStateDoubleClick": [MockFunction],
      "position": Object {
        "x": 0,
        "y": 0,
      },
      "results": Object {},
      "size": Object {
        "height": 100,
        "width": 160,
      },
      "states": Array [
        "S1",
        "S2",
      ],
    }
  }
  id="id"
  items={Array []}
  renderTag="g"
  type="CONTEXTMENU-TYPES-NODE"
>
  <GenericNode
    belief={null}
    contextItems={Array []}
    description={null}
    id="id"
    isSelected={false}
    onMouseDown={[MockFunction]}
    onStateDoubleClick={[MockFunction]}
    position={
      Object {
        "x": 0,
        "y": 0,
      }
    }
    results={Object {}}
    size={
      Object {
        "height": 100,
        "width": 160,
      }
    }
    states={
      Array [
        "S1",
        "S2",
      ]
    }
  >
    <NodeStates
      belief={null}
      contextItems={Array []}
      description={null}
      id="id"
      isSelected={false}
      onMouseDown={[MockFunction]}
      onStateDoubleClick={[MockFunction]}
      position={
        Object {
          "x": 0,
          "y": 0,
        }
      }
      results={Object {}}
      size={
        Object {
          "height": 100,
          "width": 160,
        }
      }
      states={
        Array [
          "S1",
          "S2",
        ]
      }
    />
    <NodeConnections
      belief={null}
      contextItems={Array []}
      description={null}
      id="id"
      isSelected={false}
      onMouseDown={[MockFunction]}
      onStateDoubleClick={[MockFunction]}
      position={
        Object {
          "x": 0,
          "y": 0,
        }
      }
      results={Object {}}
      size={
        Object {
          "height": 100,
          "width": 160,
        }
      }
      states={
        Array [
          "S1",
          "S2",
        ]
      }
    />
  </GenericNode>
</ContextMenu>
`;
