// Jest Snapshot v1, https://goo.gl/fbAQLP

exports[`SvgText Component matches snapshot 1`] = `
<foreignObject
  data-testid="svg-text"
  height={20}
  width={160}
  x={5}
  y={5}
>
  <p
    style={
      Object {
        "margin": 0,
        "overflow": "hidden",
        "textOverflow": "ellipsis",
        "whiteSpace": "nowrap",
      }
    }
    title="text"
  >
    text
  </p>
</foreignObject>
`;
