// Jest Snapshot v1, https://goo.gl/fbAQLP

exports[`NodeCptEditTable Component When node has no parents matches snapshot 1`] = `
<table>
  <thead>
    <tr>
      <th>
        True
      </th>
      <th>
        False
      </th>
    </tr>
  </thead>
  <tbody>
    <tr
      class=""
    >
      <td>
        <input
          class="inputCpt"
          data-testid="input-cpt__true"
          max="1"
          min="0"
          step="0.01"
          type="number"
          value="0.5"
        />
      </td>
      <td>
        <input
          class="inputCpt"
          data-testid="input-cpt__false"
          max="1"
          min="0"
          step="0.01"
          type="number"
          value="0.5"
        />
      </td>
    </tr>
  </tbody>
</table>
`;

exports[`NodeCptEditTable Component When node has parents matches snapshot 1`] = `
<table>
  <thead>
    <tr>
      <th>
        True
      </th>
      <th>
        False
      </th>
    </tr>
  </thead>
  <tbody>
    <tr
      class=""
    >
      <td>
        <input
          class="inputCpt"
          data-testid="input-cpt__true"
          max="1"
          min="0"
          step="0.01"
          type="number"
          value="0.5"
        />
      </td>
      <td>
        <input
          class="inputCpt"
          data-testid="input-cpt__false"
          max="1"
          min="0"
          step="0.01"
          type="number"
          value="0.5"
        />
      </td>
    </tr>
    <tr
      class=""
    >
      <td>
        <input
          class="inputCpt"
          data-testid="input-cpt__true"
          max="1"
          min="0"
          step="0.01"
          type="number"
          value="0.5"
        />
      </td>
      <td>
        <input
          class="inputCpt"
          data-testid="input-cpt__false"
          max="1"
          min="0"
          step="0.01"
          type="number"
          value="0.5"
        />
      </td>
    </tr>
    <tr
      class=""
    >
      <td>
        <input
          class="inputCpt"
          data-testid="input-cpt__true"
          max="1"
          min="0"
          step="0.01"
          type="number"
          value="0.5"
        />
      </td>
      <td>
        <input
          class="inputCpt"
          data-testid="input-cpt__false"
          max="1"
          min="0"
          step="0.01"
          type="number"
          value="0.5"
        />
      </td>
    </tr>
    <tr
      class=""
    >
      <td>
        <input
          class="inputCpt"
          data-testid="input-cpt__true"
          max="1"
          min="0"
          step="0.01"
          type="number"
          value="0.5"
        />
      </td>
      <td>
        <input
          class="inputCpt"
          data-testid="input-cpt__false"
          max="1"
          min="0"
          step="0.01"
          type="number"
          value="0.5"
        />
      </td>
    </tr>
  </tbody>
</table>
`;
