// Jest Snapshot v1, https://goo.gl/fbAQLP

exports[`NodeStateEdit Component matches snapshot 1`] = `
<li
  class=""
  data-testid="node-state-edit__state-test"
>
  <span
    title="State Test"
  >
    State Test
  </span>
  <button
    class="__button"
    data-testid="button__remove-state"
    title="Remover Estado"
    type="button"
  >
    <i
      class="fa fa-trash"
    />
  </button>
</li>
`;
